{"level":"info","message":"Server running on port 3000","service":"sensor-api","timestamp":"2025-04-07 11:27:42"}
{"level":"info","message":"MongoDB connected successfully","service":"sensor-api","timestamp":"2025-04-07 11:27:42"}
{"level":"info","message":"Server running on port 3000","service":"sensor-api","timestamp":"2025-04-07 11:28:22"}
{"level":"info","message":"MongoDB connected successfully","service":"sensor-api","timestamp":"2025-04-07 11:28:22"}
{"level":"info","message":"Server running on port 3000","service":"sensor-api","timestamp":"2025-04-07 11:28:53"}
{"level":"info","message":"MongoDB connected successfully","service":"sensor-api","timestamp":"2025-04-07 11:28:53"}
{"level":"info","message":"Server running on port 3000","service":"sensor-api","timestamp":"2025-04-07 11:28:56"}
{"level":"info","message":"MongoDB connected successfully","service":"sensor-api","timestamp":"2025-04-07 11:28:56"}
{"level":"info","message":"Server running on port 3000","service":"sensor-api","timestamp":"2025-04-07 11:31:26"}
{"level":"info","message":"MongoDB connected successfully","service":"sensor-api","timestamp":"2025-04-07 11:31:26"}
{"level":"info","message":"Client connected","service":"sensor-api","socketId":"qZVmrGnqiaiOLAC0AAAB","timestamp":"2025-04-07 11:31:28"}
{"alertsCount":10,"level":"info","message":"Sending initial data to client","sensorDataCount":100,"service":"sensor-api","socketId":"qZVmrGnqiaiOLAC0AAAB","timestamp":"2025-04-07 11:31:28"}
{"level":"info","message":"Server running on port 3000","service":"sensor-api","timestamp":"2025-04-07 11:31:53"}
{"level":"info","message":"MongoDB connected successfully","service":"sensor-api","timestamp":"2025-04-07 11:31:53"}
{"level":"info","message":"Client connected","service":"sensor-api","socketId":"oDAAH-uYheruVrG_AAAB","timestamp":"2025-04-07 11:31:54"}
{"alertsCount":10,"level":"info","message":"Sending initial data to client","sensorDataCount":100,"service":"sensor-api","socketId":"oDAAH-uYheruVrG_AAAB","timestamp":"2025-04-07 11:31:54"}
{"level":"info","message":"Client disconnected","service":"sensor-api","socketId":"oDAAH-uYheruVrG_AAAB","timestamp":"2025-04-07 11:31:57"}
{"level":"info","message":"Client connected","service":"sensor-api","socketId":"o32CMi8NjEYftAHDAAAD","timestamp":"2025-04-07 11:31:57"}
{"alertsCount":10,"level":"info","message":"Sending initial data to client","sensorDataCount":100,"service":"sensor-api","socketId":"o32CMi8NjEYftAHDAAAD","timestamp":"2025-04-07 11:31:57"}
{"level":"info","message":"Server running on port 3000","service":"sensor-api","timestamp":"2025-04-07 11:33:38"}
{"level":"info","message":"MongoDB connected successfully","service":"sensor-api","timestamp":"2025-04-07 11:33:38"}
{"level":"info","message":"Client connected","service":"sensor-api","socketId":"VxT8q4_MaKo5Jn8dAAAB","timestamp":"2025-04-07 11:33:40"}
{"alertsCount":10,"level":"info","message":"Sending initial data to client","sensorDataCount":100,"service":"sensor-api","socketId":"VxT8q4_MaKo5Jn8dAAAB","timestamp":"2025-04-07 11:33:40"}
{"level":"info","message":"Server running on port 3000","service":"sensor-api","timestamp":"2025-04-07 11:33:55"}
{"level":"info","message":"MongoDB connected successfully","service":"sensor-api","timestamp":"2025-04-07 11:33:55"}
{"level":"info","message":"Client connected","service":"sensor-api","socketId":"KzRqR6i-6-G2SoDcAAAB","timestamp":"2025-04-07 11:33:56"}
{"alertsCount":10,"level":"info","message":"Sending initial data to client","sensorDataCount":100,"service":"sensor-api","socketId":"KzRqR6i-6-G2SoDcAAAB","timestamp":"2025-04-07 11:33:56"}
{"level":"info","message":"Server running on port 3000","service":"sensor-api","timestamp":"2025-04-07 11:34:31"}
{"level":"info","message":"MongoDB connected successfully","service":"sensor-api","timestamp":"2025-04-07 11:34:31"}
{"level":"info","message":"Client connected","service":"sensor-api","socketId":"gt8Xxy-JTj8Iy0A1AAAB","timestamp":"2025-04-07 11:34:31"}
{"alertsCount":10,"level":"info","message":"Sending initial data to client","sensorDataCount":100,"service":"sensor-api","socketId":"gt8Xxy-JTj8Iy0A1AAAB","timestamp":"2025-04-07 11:34:32"}
{"level":"info","message":"Client disconnected","service":"sensor-api","socketId":"gt8Xxy-JTj8Iy0A1AAAB","timestamp":"2025-04-07 11:34:33"}
{"level":"info","message":"Client connected","service":"sensor-api","socketId":"-qDTv5couMLsNS9DAAAD","timestamp":"2025-04-07 11:34:34"}
{"alertsCount":10,"level":"info","message":"Sending initial data to client","sensorDataCount":100,"service":"sensor-api","socketId":"-qDTv5couMLsNS9DAAAD","timestamp":"2025-04-07 11:34:34"}
{"level":"info","message":"Client connected","service":"sensor-api","socketId":"G_RZBNG4BLmWZ-P5AAAB","timestamp":"2025-04-07 11:35:29"}
{"alertsCount":10,"level":"info","message":"Sending initial data to client","sensorDataCount":100,"service":"sensor-api","socketId":"G_RZBNG4BLmWZ-P5AAAB","timestamp":"2025-04-07 11:35:29"}
{"level":"info","message":"Server running on port 3000","service":"sensor-api","timestamp":"2025-04-07 11:56:32"}
{"level":"info","message":"MongoDB connected successfully","service":"sensor-api","timestamp":"2025-04-07 11:56:32"}
{"level":"info","message":"Server running on port 3000","service":"sensor-api","timestamp":"2025-04-07 11:57:07"}
{"level":"info","message":"MongoDB connected successfully","service":"sensor-api","timestamp":"2025-04-07 11:57:07"}
{"level":"info","message":"Server running on port 3000","service":"sensor-api","timestamp":"2025-04-07 11:57:44"}
{"level":"info","message":"MongoDB connected successfully","service":"sensor-api","timestamp":"2025-04-07 11:57:44"}
{"level":"info","message":"Server running on port 3000","service":"sensor-api","timestamp":"2025-04-07 11:58:21"}
{"level":"info","message":"MongoDB connected successfully","service":"sensor-api","timestamp":"2025-04-07 11:58:21"}
{"level":"info","message":"Server running on port 3000","service":"sensor-api","timestamp":"2025-04-07 11:59:05"}
{"level":"info","message":"MongoDB connected successfully","service":"sensor-api","timestamp":"2025-04-07 11:59:05"}
{"level":"info","message":"Server running on port 3000","service":"sensor-api","timestamp":"2025-04-07 11:59:16"}
{"level":"info","message":"MongoDB connected successfully","service":"sensor-api","timestamp":"2025-04-07 11:59:16"}
{"level":"info","message":"Server running on port 3000","service":"sensor-api","timestamp":"2025-04-07 11:59:16"}
{"level":"info","message":"MongoDB connected successfully","service":"sensor-api","timestamp":"2025-04-07 11:59:16"}
{"level":"info","message":"Server running on port 3000","service":"sensor-api","timestamp":"2025-04-07 11:59:17"}
{"level":"info","message":"MongoDB connected successfully","service":"sensor-api","timestamp":"2025-04-07 11:59:17"}
